10:19:57 **** Build of configuration Debug for project custom_HW ****
make all 
'Building file: ../src/example1.c'
'Invoking: MicroBlaze gcc compiler'
mb-gcc -Wall -O0 -g3 -c -fmessage-length=0 -MT"src/example1.o" -IC:/Users/pedra/Documents/CR/labs/vitis_workspace/mb_design_wrapper/export/mb_design_wrapper/sw/mb_design_wrapper/standalone_microblaze_0/bspinclude/include -mlittle-endian -mcpu=v11.0 -mxl-soft-mul -Wl,--no-relax -ffunction-sections -fdata-sections -MMD -MP -MF"src/example1.d" -MT"src/example1.o" -o "src/example1.o" "../src/example1.c"
'Finished building: ../src/example1.c'
' '
'Building file: ../src/helloworld.c'
'Invoking: MicroBlaze gcc compiler'
mb-gcc -Wall -O0 -g3 -c -fmessage-length=0 -MT"src/helloworld.o" -IC:/Users/pedra/Documents/CR/labs/vitis_workspace/mb_design_wrapper/export/mb_design_wrapper/sw/mb_design_wrapper/standalone_microblaze_0/bspinclude/include -mlittle-endian -mcpu=v11.0 -mxl-soft-mul -Wl,--no-relax -ffunction-sections -fdata-sections -MMD -MP -MF"src/helloworld.d" -MT"src/helloworld.o" -o "src/helloworld.o" "../src/helloworld.c"
'Finished building: ../src/helloworld.c'
' '
'Building file: ../src/platform.c'
'Invoking: MicroBlaze gcc compiler'
mb-gcc -Wall -O0 -g3 -c -fmessage-length=0 -MT"src/platform.o" -IC:/Users/pedra/Documents/CR/labs/vitis_workspace/mb_design_wrapper/export/mb_design_wrapper/sw/mb_design_wrapper/standalone_microblaze_0/bspinclude/include -mlittle-endian -mcpu=v11.0 -mxl-soft-mul -Wl,--no-relax -ffunction-sections -fdata-sections -MMD -MP -MF"src/platform.d" -MT"src/platform.o" -o "src/platform.o" "../src/platform.c"
'Finished building: ../src/platform.c'
' '
'Building target: custom_HW.elf'
'Invoking: MicroBlaze gcc linker'
mb-gcc -Wl,-T -Wl,../src/lscript.ld -LC:/Users/pedra/Documents/CR/labs/vitis_workspace/mb_design_wrapper/export/mb_design_wrapper/sw/mb_design_wrapper/standalone_microblaze_0/bsplib/lib -mlittle-endian -mcpu=v11.0 -mxl-soft-mul -Wl,--no-relax -Wl,--gc-sections -o "custom_HW.elf"  ./src/example1.o ./src/helloworld.o ./src/platform.o   -Wl,--start-group,-lxil,-lgcc,-lc,--end-group
'Finished building target: custom_HW.elf'
' '
'Invoking: MicroBlaze Print Size'
mb-size custom_HW.elf  |tee "custom_HW.elf.size"
   text	   data	    bss	    dec	    hex	filename
   6780	    348	   3112	  10240	   2800	custom_HW.elf
'Finished building: custom_HW.elf.size'
' '

10:19:59 Build Finished (took 2s.5ms)

