13:45:17 **** Build of configuration Debug for project CustomPeriph ****
make all 
'Building file: ../src/example2.c'
'Invoking: MicroBlaze gcc compiler'
mb-gcc -Wall -O0 -g3 -c -fmessage-length=0 -MT"src/example2.o" -IC:/Users/pedra/Documents/CR/labs/vitis_workspace/mb_design_custom_periph/export/mb_design_custom_periph/sw/mb_design_custom_periph/standalone_microblaze_0/bspinclude/include -mlittle-endian -mcpu=v11.0 -mxl-soft-mul -Wl,--no-relax -ffunction-sections -fdata-sections -MMD -MP -MF"src/example2.d" -MT"src/example2.o" -o "src/example2.o" "../src/example2.c"
'Finished building: ../src/example2.c'
' '
'Building file: ../src/helloworld.c'
'Invoking: MicroBlaze gcc compiler'
mb-gcc -Wall -O0 -g3 -c -fmessage-length=0 -MT"src/helloworld.o" -IC:/Users/pedra/Documents/CR/labs/vitis_workspace/mb_design_custom_periph/export/mb_design_custom_periph/sw/mb_design_custom_periph/standalone_microblaze_0/bspinclude/include -mlittle-endian -mcpu=v11.0 -mxl-soft-mul -Wl,--no-relax -ffunction-sections -fdata-sections -MMD -MP -MF"src/helloworld.d" -MT"src/helloworld.o" -o "src/helloworld.o" "../src/helloworld.c"
'Finished building: ../src/helloworld.c'
' '
'Building file: ../src/platform.c'
'Invoking: MicroBlaze gcc compiler'
mb-gcc -Wall -O0 -g3 -c -fmessage-length=0 -MT"src/platform.o" -IC:/Users/pedra/Documents/CR/labs/vitis_workspace/mb_design_custom_periph/export/mb_design_custom_periph/sw/mb_design_custom_periph/standalone_microblaze_0/bspinclude/include -mlittle-endian -mcpu=v11.0 -mxl-soft-mul -Wl,--no-relax -ffunction-sections -fdata-sections -MMD -MP -MF"src/platform.d" -MT"src/platform.o" -o "src/platform.o" "../src/platform.c"
'Finished building: ../src/platform.c'
' '
'Building target: CustomPeriph.elf'
'Invoking: MicroBlaze gcc linker'
mb-gcc -Wl,-T -Wl,../src/lscript.ld -LC:/Users/pedra/Documents/CR/labs/vitis_workspace/mb_design_custom_periph/export/mb_design_custom_periph/sw/mb_design_custom_periph/standalone_microblaze_0/bsplib/lib -mlittle-endian -mcpu=v11.0 -mxl-soft-mul -Wl,--no-relax -Wl,--gc-sections -o "CustomPeriph.elf"  ./src/example2.o ./src/helloworld.o ./src/platform.o   -Wl,--start-group,-lxil,-lgcc,-lc,--end-group
'Finished building target: CustomPeriph.elf'
' '
'Invoking: MicroBlaze Print Size'
mb-size CustomPeriph.elf  |tee "CustomPeriph.elf.size"
   text	   data	    bss	    dec	    hex	filename
   6524	    348	   3112	   9984	   2700	CustomPeriph.elf
'Finished building: CustomPeriph.elf.size'
' '

13:45:19 Build Finished (took 2s.285ms)

